2026-07-07 18:40:28,038 [INFO] __main__: Starting test for candidate: 78841063-f785-46da-af24-bbeb1976d801
2026-07-07 18:40:28,038 [INFO] app.agent.nodes.job_search_node: [JobSearchNode] Started execution.
2026-07-07 18:40:28,038 [INFO] app.agent.nodes.job_search_node: [JobSearchNode] Invoking RetrievalPipelineService...
2026-07-07 18:40:28,038 [INFO] app.job_search.services.retrieval_pipeline_service: [RetrievalPipeline] Phase 2A - Bootstrapping conversation and workspace.
2026-07-07 18:40:28,038 [INFO] app.conversation.services.conversation_service: [ConversationService] Creating conversation for profile=78841063-f785-46da-af24-bbeb1976d801
2026-07-07 18:40:28,081 [INFO] app.job_search.services.search_workspace_service: [SearchWorkspaceService] Creating workspace for conv=d618b459-9c6e-420e-9aec-bf233f687791, profile=78841063-f785-46da-af24-bbeb1976d801
2026-07-07 18:40:28,094 [INFO] app.job_search.services.retrieval_pipeline_service: [RetrievalPipeline] Bootstrap complete. Conversation ID: d618b459-9c6e-420e-9aec-bf233f687791, Workspace ID: 59c6325f-ec16-45fa-a277-46bf447048ef
2026-07-07 18:40:28,097 [INFO] app.job_search.services.retrieval_pipeline_service: [RetrievalPipeline] Phase 2B - Optimizing search query.
2026-07-07 18:40:28,097 [INFO] app.job_search.services.query_optimizer_service: [QueryOptimizerService] Optimizing query: 'AI engineer job opening'
2026-07-07 18:40:28,097 [WARNING] app.job_search.services.query_optimizer_service: [QueryOptimizerService] GEMINI_API_KEY is not set. Returning original query.
2026-07-07 18:40:28,097 [INFO] app.job_search.services.retrieval_pipeline_service: [RetrievalPipeline] Phase 2C - Dispatching search query to SerpService.
2026-07-07 18:40:28,097 [INFO] app.job_search.services.serp_service: [SerpService] Attempting live search via SerpJobProvider.
2026-07-07 18:40:28,098 [INFO] app.job_search.providers.serp_provider: [SerpJobProvider] Calling SerpAPI: Engine='google_jobs', Query='AI engineer job opening', Location='N/A', Start=0
2026-07-07 18:40:28,661 [INFO] app.job_search.providers.serp_provider: [SerpJobProvider] Calling SerpAPI: Engine='google_jobs', Query='AI engineer job opening', Location='N/A', Start=10
2026-07-07 18:40:29,210 [INFO] app.job_search.providers.serp_provider: [SerpJobProvider] Calling SerpAPI: Engine='google_jobs', Query='AI engineer job opening', Location='N/A', Start=20
2026-07-07 18:40:29,919 [INFO] app.job_search.providers.serp_provider: [SerpJobProvider] Calling SerpAPI: Engine='google_jobs', Query='AI engineer job opening', Location='N/A', Start=30
2026-07-07 18:40:30,571 [INFO] app.job_search.providers.serp_provider: [SerpJobProvider] Successfully fetched a total of 40 jobs.
2026-07-07 18:40:30,571 [INFO] app.job_search.services.retrieval_pipeline_service: [RetrievalPipeline] Phase 2D - Parsing raw jobs.
2026-07-07 18:40:30,572 [INFO] app.job_search.services.retrieval_pipeline_service: [RetrievalPipeline] Successfully fetched and parsed 40 jobs.
2026-07-07 18:40:30,572 [INFO] app.job_search.services.retrieval_pipeline_service: [RetrievalPipeline] Phase 2E/F - Persisting results and finalization.
2026-07-07 18:40:30,575 [INFO] app.job_search.services.search_workspace_service: [JobPersistenceService] Persisting 40 jobs for workspace 59c6325f-ec16-45fa-a277-46bf447048ef
2026-07-07 18:40:30,596 [INFO] app.job_search.services.search_workspace_service: [JobPersistenceService] Successfully persisted 40 jobs.
2026-07-07 18:40:30,600 [INFO] app.job_search.services.retrieval_pipeline_service: [RetrievalPipeline] Pipeline execution succeeded. Transaction committed.
2026-07-07 18:40:30,602 [INFO] app.agent.nodes.job_search_node: [JobSearchNode] Invoking JobKnowledgeEngine...
2026-07-07 18:40:30,602 [INFO] app.job_search.services.job_knowledge_engine: [JobKnowledgeEngine] Starting extraction for workspace=59c6325f-ec16-45fa-a277-46bf447048ef
2026-07-07 18:40:30,648 [INFO] app.job_search.services.job_knowledge_engine: [JobKnowledgeEngine] All jobs were cache hits. Skipping extraction.
2026-07-07 18:40:30,648 [INFO] app.agent.nodes.job_search_node: [JobSearchNode] Invoking EmbeddingGenerationPipeline...
2026-07-07 18:40:30,648 [INFO] app.embedding.services.embedding_pipeline: [EmbeddingPipeline] Starting job embeddings generation for workspace 59c6325f-ec16-45fa-a277-46bf447048ef
2026-07-07 18:40:30,653 [INFO] app.embedding.services.embedding_pipeline: [EmbeddingPipeline] Found 40 jobs. Batch size=20
2026-07-07 18:40:30,947 [INFO] app.vector_store.services.vector_store_service: [VectorStoreService] Initializing Qdrant client connection...
2026-07-07 18:40:32,174 [INFO] httpx: HTTP Request: GET https://6cff43b9-4946-4e90-886a-5e3e351cc3f7.us-west-2-0.aws.cloud.qdrant.io:6333/collections "HTTP/1.1 200 OK"
2026-07-07 18:40:32,420 [INFO] httpx: HTTP Request: GET https://6cff43b9-4946-4e90-886a-5e3e351cc3f7.us-west-2-0.aws.cloud.qdrant.io:6333 "HTTP/1.1 200 OK"
2026-07-07 18:40:32,462 [INFO] httpx: HTTP Request: GET https://6cff43b9-4946-4e90-886a-5e3e351cc3f7.us-west-2-0.aws.cloud.qdrant.io:6333/collections/candidate_vectors/exists "HTTP/1.1 200 OK"
2026-07-07 18:40:32,770 [INFO] httpx: HTTP Request: GET https://6cff43b9-4946-4e90-886a-5e3e351cc3f7.us-west-2-0.aws.cloud.qdrant.io:6333/collections/job_vectors/exists "HTTP/1.1 200 OK"
2026-07-07 18:40:33,062 [INFO] httpx: HTTP Request: POST https://6cff43b9-4946-4e90-886a-5e3e351cc3f7.us-west-2-0.aws.cloud.qdrant.io:6333/collections/job_vectors/points/scroll "HTTP/1.1 200 OK"
2026-07-07 18:40:33,063 [INFO] app.embedding.services.embedding_pipeline: [EmbeddingPipeline] Cache hit for job knowledge dc5ffca3-9f80-4373-9eb1-96c6cf0db25c. Skipping.
2026-07-07 18:40:33,377 [INFO] httpx: HTTP Request: POST https://6cff43b9-4946-4e90-886a-5e3e351cc3f7.us-west-2-0.aws.cloud.qdrant.io:6333/collections/job_vectors/points/scroll "HTTP/1.1 200 OK"
2026-07-07 18:40:33,378 [INFO] app.embedding.services.embedding_pipeline: [EmbeddingPipeline] Cache hit for job knowledge 5d7e5008-3239-4d9f-b06a-96832565bdee. Skipping.
2026-07-07 18:40:33,666 [INFO] httpx: HTTP Request: POST https://6cff43b9-4946-4e90-886a-5e3e351cc3f7.us-west-2-0.aws.cloud.qdrant.io:6333/collections/job_vectors/points/scroll "HTTP/1.1 200 OK"
2026-07-07 18:40:33,667 [INFO] app.embedding.services.embedding_pipeline: [EmbeddingPipeline] Cache hit for job knowledge dc5ffca3-9f80-4373-9eb1-96c6cf0db25c. Skipping.
2026-07-07 18:40:33,971 [INFO] httpx: HTTP Request: POST https://6cff43b9-4946-4e90-886a-5e3e351cc3f7.us-west-2-0.aws.cloud.qdrant.io:6333/collections/job_vectors/points/scroll "HTTP/1.1 200 OK"
2026-07-07 18:40:33,977 [INFO] app.embedding.services.embedding_pipeline: [EmbeddingPipeline] Cache hit for job knowledge 791079bf-94a5-432e-8e46-a1748f86e566. Skipping.
2026-07-07 18:40:35,116 [INFO] httpx: HTTP Request: POST https://6cff43b9-4946-4e90-886a-5e3e351cc3f7.us-west-2-0.aws.cloud.qdrant.io:6333/collections/job_vectors/points/scroll "HTTP/1.1 200 OK"
2026-07-07 18:40:35,117 [INFO] app.embedding.services.embedding_pipeline: [EmbeddingPipeline] Cache hit for job knowledge 4d8d670b-a405-4893-ac0e-1d76a04c963f. Skipping.
2026-07-07 18:40:36,791 [INFO] httpx: HTTP Request: POST https://6cff43b9-4946-4e90-886a-5e3e351cc3f7.us-west-2-0.aws.cloud.qdrant.io:6333/collections/job_vectors/points/scroll "HTTP/1.1 200 OK"
2026-07-07 18:40:36,792 [INFO] app.embedding.services.embedding_pipeline: [EmbeddingPipeline] Cache hit for job knowledge b95144da-8508-4f5d-8ec1-580ae687b363. Skipping.
2026-07-07 18:40:37,490 [INFO] httpx: HTTP Request: POST https://6cff43b9-4946-4e90-886a-5e3e351cc3f7.us-west-2-0.aws.cloud.qdrant.io:6333/collections/job_vectors/points/scroll "HTTP/1.1 200 OK"
2026-07-07 18:40:37,490 [INFO] app.embedding.services.embedding_pipeline: [EmbeddingPipeline] Cache hit for job knowledge 0f60ae3b-5fb3-41c7-af21-2ada38c5561d. Skipping.
2026-07-07 18:40:37,787 [INFO] httpx: HTTP Request: POST https://6cff43b9-4946-4e90-886a-5e3e351cc3f7.us-west-2-0.aws.cloud.qdrant.io:6333/collections/job_vectors/points/scroll "HTTP/1.1 200 OK"
2026-07-07 18:40:37,801 [INFO] app.embedding.services.embedding_pipeline: [EmbeddingPipeline] Cache hit for job knowledge 0f60ae3b-5fb3-41c7-af21-2ada38c5561d. Skipping.
2026-07-07 18:40:38,103 [INFO] httpx: HTTP Request: POST https://6cff43b9-4946-4e90-886a-5e3e351cc3f7.us-west-2-0.aws.cloud.qdrant.io:6333/collections/job_vectors/points/scroll "HTTP/1.1 200 OK"
2026-07-07 18:40:38,103 [INFO] app.embedding.services.embedding_pipeline: [EmbeddingPipeline] Cache hit for job knowledge 791079bf-94a5-432e-8e46-a1748f86e566. Skipping.
2026-07-07 18:40:38,395 [INFO] httpx: HTTP Request: POST https://6cff43b9-4946-4e90-886a-5e3e351cc3f7.us-west-2-0.aws.cloud.qdrant.io:6333/collections/job_vectors/points/scroll "HTTP/1.1 200 OK"
2026-07-07 18:40:38,396 [INFO] app.embedding.services.embedding_pipeline: [EmbeddingPipeline] Cache hit for job knowledge 5d7e5008-3239-4d9f-b06a-96832565bdee. Skipping.
2026-07-07 18:40:38,713 [INFO] httpx: HTTP Request: POST https://6cff43b9-4946-4e90-886a-5e3e351cc3f7.us-west-2-0.aws.cloud.qdrant.io:6333/collections/job_vectors/points/scroll "HTTP/1.1 200 OK"
2026-07-07 18:40:38,716 [INFO] app.embedding.services.embedding_pipeline: [EmbeddingPipeline] Cache hit for job knowledge 4d8d670b-a405-4893-ac0e-1d76a04c963f. Skipping.
2026-07-07 18:40:39,021 [INFO] httpx: HTTP Request: POST https://6cff43b9-4946-4e90-886a-5e3e351cc3f7.us-west-2-0.aws.cloud.qdrant.io:6333/collections/job_vectors/points/scroll "HTTP/1.1 200 OK"
2026-07-07 18:40:39,022 [INFO] app.embedding.services.embedding_pipeline: [EmbeddingPipeline] Cache hit for job knowledge dc5ffca3-9f80-4373-9eb1-96c6cf0db25c. Skipping.
2026-07-07 18:40:39,323 [INFO] httpx: HTTP Request: POST https://6cff43b9-4946-4e90-886a-5e3e351cc3f7.us-west-2-0.aws.cloud.qdrant.io:6333/collections/job_vectors/points/scroll "HTTP/1.1 200 OK"
2026-07-07 18:40:39,324 [INFO] app.embedding.services.embedding_pipeline: [EmbeddingPipeline] Cache hit for job knowledge 11c49f1b-ff7e-4cb7-a07a-87dec559bdb2. Skipping.
2026-07-07 18:40:39,611 [INFO] httpx: HTTP Request: POST https://6cff43b9-4946-4e90-886a-5e3e351cc3f7.us-west-2-0.aws.cloud.qdrant.io:6333/collections/job_vectors/points/scroll "HTTP/1.1 200 OK"
2026-07-07 18:40:39,612 [INFO] app.embedding.services.embedding_pipeline: [EmbeddingPipeline] Cache hit for job knowledge 11c49f1b-ff7e-4cb7-a07a-87dec559bdb2. Skipping.
2026-07-07 18:40:40,016 [INFO] httpx: HTTP Request: POST https://6cff43b9-4946-4e90-886a-5e3e351cc3f7.us-west-2-0.aws.cloud.qdrant.io:6333/collections/job_vectors/points/scroll "HTTP/1.1 200 OK"
2026-07-07 18:40:40,017 [INFO] app.embedding.services.embedding_pipeline: [EmbeddingPipeline] Cache hit for job knowledge 0f60ae3b-5fb3-41c7-af21-2ada38c5561d. Skipping.
2026-07-07 18:40:40,354 [INFO] httpx: HTTP Request: POST https://6cff43b9-4946-4e90-886a-5e3e351cc3f7.us-west-2-0.aws.cloud.qdrant.io:6333/collections/job_vectors/points/scroll "HTTP/1.1 200 OK"
2026-07-07 18:40:40,355 [INFO] app.embedding.services.embedding_pipeline: [EmbeddingPipeline] Cache hit for job knowledge dad3c6b3-fdb8-4c7a-906b-8a5d60718306. Skipping.
2026-07-07 18:40:40,666 [INFO] httpx: HTTP Request: POST https://6cff43b9-4946-4e90-886a-5e3e351cc3f7.us-west-2-0.aws.cloud.qdrant.io:6333/collections/job_vectors/points/scroll "HTTP/1.1 200 OK"
2026-07-07 18:40:40,667 [INFO] app.embedding.services.embedding_pipeline: [EmbeddingPipeline] Cache hit for job knowledge 5d7e5008-3239-4d9f-b06a-96832565bdee. Skipping.
2026-07-07 18:40:41,059 [INFO] httpx: HTTP Request: POST https://6cff43b9-4946-4e90-886a-5e3e351cc3f7.us-west-2-0.aws.cloud.qdrant.io:6333/collections/job_vectors/points/scroll "HTTP/1.1 200 OK"
2026-07-07 18:40:41,064 [INFO] app.embedding.services.embedding_pipeline: [EmbeddingPipeline] Cache hit for job knowledge d0a92c3d-fd68-4d0f-872d-1ab6a2a96b93. Skipping.
2026-07-07 18:40:41,387 [INFO] httpx: HTTP Request: POST https://6cff43b9-4946-4e90-886a-5e3e351cc3f7.us-west-2-0.aws.cloud.qdrant.io:6333/collections/job_vectors/points/scroll "HTTP/1.1 200 OK"
2026-07-07 18:40:41,388 [INFO] app.embedding.services.embedding_pipeline: [EmbeddingPipeline] Cache hit for job knowledge 0f60ae3b-5fb3-41c7-af21-2ada38c5561d. Skipping.
2026-07-07 18:40:41,684 [INFO] httpx: HTTP Request: POST https://6cff43b9-4946-4e90-886a-5e3e351cc3f7.us-west-2-0.aws.cloud.qdrant.io:6333/collections/job_vectors/points/scroll "HTTP/1.1 200 OK"
2026-07-07 18:40:41,685 [INFO] app.embedding.services.embedding_pipeline: [EmbeddingPipeline] Cache hit for job knowledge d0a92c3d-fd68-4d0f-872d-1ab6a2a96b93. Skipping.
2026-07-07 18:40:41,685 [INFO] app.embedding.services.embedding_pipeline: [EmbeddingPipeline] All jobs in batch already cached. Proceeding.
2026-07-07 18:40:41,996 [INFO] httpx: HTTP Request: POST https://6cff43b9-4946-4e90-886a-5e3e351cc3f7.us-west-2-0.aws.cloud.qdrant.io:6333/collections/job_vectors/points/scroll "HTTP/1.1 200 OK"
2026-07-07 18:40:41,997 [INFO] app.embedding.services.embedding_pipeline: [EmbeddingPipeline] Cache hit for job knowledge 791079bf-94a5-432e-8e46-a1748f86e566. Skipping.
2026-07-07 18:40:42,337 [INFO] httpx: HTTP Request: POST https://6cff43b9-4946-4e90-886a-5e3e351cc3f7.us-west-2-0.aws.cloud.qdrant.io:6333/collections/job_vectors/points/scroll "HTTP/1.1 200 OK"
2026-07-07 18:40:42,338 [INFO] app.embedding.services.embedding_pipeline: [EmbeddingPipeline] Cache hit for job knowledge 24cbfeb5-c42c-4a04-9b45-7281a97f6af3. Skipping.
2026-07-07 18:40:42,675 [INFO] httpx: HTTP Request: POST https://6cff43b9-4946-4e90-886a-5e3e351cc3f7.us-west-2-0.aws.cloud.qdrant.io:6333/collections/job_vectors/points/scroll "HTTP/1.1 200 OK"
2026-07-07 18:40:42,676 [INFO] app.embedding.services.embedding_pipeline: [EmbeddingPipeline] Cache hit for job knowledge b95144da-8508-4f5d-8ec1-580ae687b363. Skipping.
2026-07-07 18:40:43,005 [INFO] httpx: HTTP Request: POST https://6cff43b9-4946-4e90-886a-5e3e351cc3f7.us-west-2-0.aws.cloud.qdrant.io:6333/collections/job_vectors/points/scroll "HTTP/1.1 200 OK"
2026-07-07 18:40:43,010 [INFO] app.embedding.services.embedding_pipeline: [EmbeddingPipeline] Cache hit for job knowledge dad3c6b3-fdb8-4c7a-906b-8a5d60718306. Skipping.
2026-07-07 18:40:43,308 [INFO] httpx: HTTP Request: POST https://6cff43b9-4946-4e90-886a-5e3e351cc3f7.us-west-2-0.aws.cloud.qdrant.io:6333/collections/job_vectors/points/scroll "HTTP/1.1 200 OK"
2026-07-07 18:40:43,309 [INFO] app.embedding.services.embedding_pipeline: [EmbeddingPipeline] Cache hit for job knowledge 24cbfeb5-c42c-4a04-9b45-7281a97f6af3. Skipping.
2026-07-07 18:40:43,620 [INFO] httpx: HTTP Request: POST https://6cff43b9-4946-4e90-886a-5e3e351cc3f7.us-west-2-0.aws.cloud.qdrant.io:6333/collections/job_vectors/points/scroll "HTTP/1.1 200 OK"
2026-07-07 18:40:43,621 [INFO] app.embedding.services.embedding_pipeline: [EmbeddingPipeline] Cache hit for job knowledge b95144da-8508-4f5d-8ec1-580ae687b363. Skipping.
2026-07-07 18:40:43,940 [INFO] httpx: HTTP Request: POST https://6cff43b9-4946-4e90-886a-5e3e351cc3f7.us-west-2-0.aws.cloud.qdrant.io:6333/collections/job_vectors/points/scroll "HTTP/1.1 200 OK"
2026-07-07 18:40:43,945 [INFO] app.embedding.services.embedding_pipeline: [EmbeddingPipeline] Cache hit for job knowledge 5d7e5008-3239-4d9f-b06a-96832565bdee. Skipping.
2026-07-07 18:40:44,258 [INFO] httpx: HTTP Request: POST https://6cff43b9-4946-4e90-886a-5e3e351cc3f7.us-west-2-0.aws.cloud.qdrant.io:6333/collections/job_vectors/points/scroll "HTTP/1.1 200 OK"
2026-07-07 18:40:44,259 [INFO] app.embedding.services.embedding_pipeline: [EmbeddingPipeline] Cache hit for job knowledge 4d8d670b-a405-4893-ac0e-1d76a04c963f. Skipping.
2026-07-07 18:40:44,566 [INFO] httpx: HTTP Request: POST https://6cff43b9-4946-4e90-886a-5e3e351cc3f7.us-west-2-0.aws.cloud.qdrant.io:6333/collections/job_vectors/points/scroll "HTTP/1.1 200 OK"
2026-07-07 18:40:44,567 [INFO] app.embedding.services.embedding_pipeline: [EmbeddingPipeline] Cache hit for job knowledge dad3c6b3-fdb8-4c7a-906b-8a5d60718306. Skipping.
2026-07-07 18:40:44,872 [INFO] httpx: HTTP Request: POST https://6cff43b9-4946-4e90-886a-5e3e351cc3f7.us-west-2-0.aws.cloud.qdrant.io:6333/collections/job_vectors/points/scroll "HTTP/1.1 200 OK"
2026-07-07 18:40:44,874 [INFO] app.embedding.services.embedding_pipeline: [EmbeddingPipeline] Cache hit for job knowledge b95144da-8508-4f5d-8ec1-580ae687b363. Skipping.
2026-07-07 18:40:45,179 [INFO] httpx: HTTP Request: POST https://6cff43b9-4946-4e90-886a-5e3e351cc3f7.us-west-2-0.aws.cloud.qdrant.io:6333/collections/job_vectors/points/scroll "HTTP/1.1 200 OK"
2026-07-07 18:40:45,179 [INFO] app.embedding.services.embedding_pipeline: [EmbeddingPipeline] Cache hit for job knowledge 11c49f1b-ff7e-4cb7-a07a-87dec559bdb2. Skipping.
2026-07-07 18:40:46,455 [INFO] httpx: HTTP Request: POST https://6cff43b9-4946-4e90-886a-5e3e351cc3f7.us-west-2-0.aws.cloud.qdrant.io:6333/collections/job_vectors/points/scroll "HTTP/1.1 200 OK"
2026-07-07 18:40:46,455 [INFO] app.embedding.services.embedding_pipeline: [EmbeddingPipeline] Cache hit for job knowledge 24cbfeb5-c42c-4a04-9b45-7281a97f6af3. Skipping.
2026-07-07 18:40:47,163 [INFO] httpx: HTTP Request: POST https://6cff43b9-4946-4e90-886a-5e3e351cc3f7.us-west-2-0.aws.cloud.qdrant.io:6333/collections/job_vectors/points/scroll "HTTP/1.1 200 OK"
2026-07-07 18:40:47,164 [INFO] app.embedding.services.embedding_pipeline: [EmbeddingPipeline] Cache hit for job knowledge d0a92c3d-fd68-4d0f-872d-1ab6a2a96b93. Skipping.
2026-07-07 18:40:47,457 [INFO] httpx: HTTP Request: POST https://6cff43b9-4946-4e90-886a-5e3e351cc3f7.us-west-2-0.aws.cloud.qdrant.io:6333/collections/job_vectors/points/scroll "HTTP/1.1 200 OK"
2026-07-07 18:40:47,457 [INFO] app.embedding.services.embedding_pipeline: [EmbeddingPipeline] Cache hit for job knowledge d0a92c3d-fd68-4d0f-872d-1ab6a2a96b93. Skipping.
2026-07-07 18:40:47,822 [INFO] httpx: HTTP Request: POST https://6cff43b9-4946-4e90-886a-5e3e351cc3f7.us-west-2-0.aws.cloud.qdrant.io:6333/collections/job_vectors/points/scroll "HTTP/1.1 200 OK"
2026-07-07 18:40:47,823 [INFO] app.embedding.services.embedding_pipeline: [EmbeddingPipeline] Cache hit for job knowledge dc5ffca3-9f80-4373-9eb1-96c6cf0db25c. Skipping.
2026-07-07 18:40:48,136 [INFO] httpx: HTTP Request: POST https://6cff43b9-4946-4e90-886a-5e3e351cc3f7.us-west-2-0.aws.cloud.qdrant.io:6333/collections/job_vectors/points/scroll "HTTP/1.1 200 OK"
2026-07-07 18:40:48,137 [INFO] app.embedding.services.embedding_pipeline: [EmbeddingPipeline] Cache hit for job knowledge 24cbfeb5-c42c-4a04-9b45-7281a97f6af3. Skipping.
2026-07-07 18:40:48,462 [INFO] httpx: HTTP Request: POST https://6cff43b9-4946-4e90-886a-5e3e351cc3f7.us-west-2-0.aws.cloud.qdrant.io:6333/collections/job_vectors/points/scroll "HTTP/1.1 200 OK"
2026-07-07 18:40:48,462 [INFO] app.embedding.services.embedding_pipeline: [EmbeddingPipeline] Cache hit for job knowledge dad3c6b3-fdb8-4c7a-906b-8a5d60718306. Skipping.
2026-07-07 18:40:48,775 [INFO] httpx: HTTP Request: POST https://6cff43b9-4946-4e90-886a-5e3e351cc3f7.us-west-2-0.aws.cloud.qdrant.io:6333/collections/job_vectors/points/scroll "HTTP/1.1 200 OK"
2026-07-07 18:40:48,776 [INFO] app.embedding.services.embedding_pipeline: [EmbeddingPipeline] Cache hit for job knowledge 4d8d670b-a405-4893-ac0e-1d76a04c963f. Skipping.
2026-07-07 18:40:49,070 [INFO] httpx: HTTP Request: POST https://6cff43b9-4946-4e90-886a-5e3e351cc3f7.us-west-2-0.aws.cloud.qdrant.io:6333/collections/job_vectors/points/scroll "HTTP/1.1 200 OK"
2026-07-07 18:40:49,070 [INFO] app.embedding.services.embedding_pipeline: [EmbeddingPipeline] Cache hit for job knowledge 11c49f1b-ff7e-4cb7-a07a-87dec559bdb2. Skipping.
2026-07-07 18:40:49,527 [INFO] httpx: HTTP Request: POST https://6cff43b9-4946-4e90-886a-5e3e351cc3f7.us-west-2-0.aws.cloud.qdrant.io:6333/collections/job_vectors/points/scroll "HTTP/1.1 200 OK"
2026-07-07 18:40:49,528 [INFO] app.embedding.services.embedding_pipeline: [EmbeddingPipeline] Cache hit for job knowledge 791079bf-94a5-432e-8e46-a1748f86e566. Skipping.
2026-07-07 18:40:49,528 [INFO] app.embedding.services.embedding_pipeline: [EmbeddingPipeline] All jobs in batch already cached. Proceeding.
2026-07-07 18:40:49,549 [INFO] app.agent.nodes.job_search_node: [JobSearchNode] Invoking MatchingPipeline...
2026-07-07 18:40:49,549 [INFO] app.matching.services.matching_pipeline: [MatchingPipeline] Starting matching engine for candidate_profile=78841063-f785-46da-af24-bbeb1976d801, workspace=59c6325f-ec16-45fa-a277-46bf447048ef
2026-07-07 18:40:49,886 [INFO] httpx: HTTP Request: POST https://6cff43b9-4946-4e90-886a-5e3e351cc3f7.us-west-2-0.aws.cloud.qdrant.io:6333/collections/candidate_vectors/points/scroll "HTTP/1.1 200 OK"
2026-07-07 18:40:49,887 [INFO] app.matching.services.matching_pipeline: [MatchingPipeline] Successfully fetched candidate embedding vector DIRECTLY from Qdrant via VectorStoreService (not in-memory).
2026-07-07 18:40:49,892 [INFO] app.matching.services.semantic_matcher: [SemanticMatcher] Querying Qdrant index limit=100
2026-07-07 18:40:49,892 [INFO] app.matching.services.semantic_matcher: [SemanticMatcher] Applying native payload filter for 10 job knowledge IDs
2026-07-07 18:40:50,235 [INFO] httpx: HTTP Request: POST https://6cff43b9-4946-4e90-886a-5e3e351cc3f7.us-west-2-0.aws.cloud.qdrant.io:6333/collections/job_vectors/points/query "HTTP/1.1 200 OK"
2026-07-07 18:40:50,237 [INFO] app.matching.services.semantic_matcher: [SemanticMatcher] Search complete. Retrieved 10 raw matches.
2026-07-07 18:40:50,237 [INFO] app.matching.services.matching_pipeline: [MatchingPipeline] Received 10 job vector matches natively filtered for active workspace 59c6325f-ec16-45fa-a277-46bf447048ef
2026-07-07 18:40:50,239 [INFO] app.matching.services.deterministic_matcher: [DeterministicMatcher] Score generated: total=14.00 (domain=0.0, tech=0.0, cap=0.0, level=14.0)
2026-07-07 18:40:50,239 [INFO] app.matching.services.hybrid_matcher: [HybridMatcher] Blended score: semantic=75.6, deterministic=14.0 -> hybrid=57.15
2026-07-07 18:40:50,240 [INFO] app.matching.services.deterministic_matcher: [DeterministicMatcher] Score generated: total=14.00 (domain=0.0, tech=0.0, cap=0.0, level=14.0)
2026-07-07 18:40:50,240 [INFO] app.matching.services.hybrid_matcher: [HybridMatcher] Blended score: semantic=75.5, deterministic=14.0 -> hybrid=57.08
2026-07-07 18:40:50,241 [INFO] app.matching.services.deterministic_matcher: [DeterministicMatcher] Score generated: total=14.00 (domain=0.0, tech=0.0, cap=0.0, level=14.0)
2026-07-07 18:40:50,241 [INFO] app.matching.services.hybrid_matcher: [HybridMatcher] Blended score: semantic=74.9, deterministic=14.0 -> hybrid=56.64
2026-07-07 18:40:50,242 [INFO] app.matching.services.deterministic_matcher: [DeterministicMatcher] Score generated: total=14.00 (domain=0.0, tech=0.0, cap=0.0, level=14.0)
2026-07-07 18:40:50,242 [INFO] app.matching.services.hybrid_matcher: [HybridMatcher] Blended score: semantic=74.3, deterministic=14.0 -> hybrid=56.23
2026-07-07 18:40:50,243 [INFO] app.matching.services.deterministic_matcher: [DeterministicMatcher] Score generated: total=14.00 (domain=0.0, tech=0.0, cap=0.0, level=14.0)
2026-07-07 18:40:50,243 [INFO] app.matching.services.hybrid_matcher: [HybridMatcher] Blended score: semantic=74.3, deterministic=14.0 -> hybrid=56.21
2026-07-07 18:40:50,244 [INFO] app.matching.services.deterministic_matcher: [DeterministicMatcher] Score generated: total=14.00 (domain=0.0, tech=0.0, cap=0.0, level=14.0)
2026-07-07 18:40:50,244 [INFO] app.matching.services.hybrid_matcher: [HybridMatcher] Blended score: semantic=73.9, deterministic=14.0 -> hybrid=55.95
2026-07-07 18:40:50,245 [INFO] app.matching.services.deterministic_matcher: [DeterministicMatcher] Score generated: total=14.00 (domain=0.0, tech=0.0, cap=0.0, level=14.0)
2026-07-07 18:40:50,245 [INFO] app.matching.services.hybrid_matcher: [HybridMatcher] Blended score: semantic=73.6, deterministic=14.0 -> hybrid=55.69
2026-07-07 18:40:50,246 [INFO] app.matching.services.deterministic_matcher: [DeterministicMatcher] Score generated: total=4.00 (domain=0.0, tech=0.0, cap=0.0, level=4.0)
2026-07-07 18:40:50,246 [INFO] app.matching.services.hybrid_matcher: [HybridMatcher] Blended score: semantic=73.4, deterministic=4.0 -> hybrid=52.57
2026-07-07 18:40:50,246 [INFO] app.matching.services.deterministic_matcher: [DeterministicMatcher] Score generated: total=14.00 (domain=0.0, tech=0.0, cap=0.0, level=14.0)
2026-07-07 18:40:50,247 [INFO] app.matching.services.hybrid_matcher: [HybridMatcher] Blended score: semantic=72.1, deterministic=14.0 -> hybrid=54.68
2026-07-07 18:40:50,248 [INFO] app.matching.services.deterministic_matcher: [DeterministicMatcher] Score generated: total=14.00 (domain=0.0, tech=0.0, cap=0.0, level=14.0)
2026-07-07 18:40:50,248 [INFO] app.matching.services.hybrid_matcher: [HybridMatcher] Blended score: semantic=72.1, deterministic=14.0 -> hybrid=54.64
2026-07-07 18:40:50,251 [INFO] app.matching.services.matching_pipeline: [MatchingPipeline] Successfully batch persisted matching scores for 10 records.
2026-07-07 18:40:50,251 [INFO] app.matching.services.ranking_service: [RankingService] Ranking 10 jobs.
2026-07-07 18:40:50,251 [INFO] app.matching.services.matching_pipeline: [MatchingPipeline] Completed ranking for workspace 59c6325f-ec16-45fa-a277-46bf447048ef.
2026-07-07 18:40:50,254 [INFO] app.agent.nodes.job_search_node: [JobSearchNode] Invoking ExplanationPipeline...
2026-07-07 18:40:50,254 [INFO] app.explanation.services.explanation_pipeline: [ExplanationPipeline] Explaining top 10 of 10 ranked jobs.
2026-07-07 18:40:50,260 [INFO] app.explanation.services.explanation_pipeline: [ExplanationPipeline] Processing batch 1 (2 jobs)
2026-07-07 18:40:50,260 [INFO] app.explanation.services.prompt_builder: [PromptBuilder] Built prompt for 2 jobs.
2026-07-07 18:40:50,260 [INFO] app.explanation.services.explanation_pipeline: [ExplanationPipeline] Prompt generated for batch 1.
2026-07-07 18:40:50,260 [INFO] app.explanation.services.explanation_generator: [ExplanationGenerator] No GEMINI_API_KEY set. Returning mock explanations.
2026-07-07 18:40:50,260 [INFO] app.explanation.services.explanation_pipeline: [ExplanationPipeline] Batch 1 completed: 2 explanations.
2026-07-07 18:40:50,260 [INFO] app.explanation.services.explanation_pipeline: [ExplanationPipeline] Processing batch 2 (2 jobs)
2026-07-07 18:40:50,260 [INFO] app.explanation.services.prompt_builder: [PromptBuilder] Built prompt for 2 jobs.
2026-07-07 18:40:50,261 [INFO] app.explanation.services.explanation_pipeline: [ExplanationPipeline] Prompt generated for batch 2.
2026-07-07 18:40:50,261 [INFO] app.explanation.services.explanation_generator: [ExplanationGenerator] No GEMINI_API_KEY set. Returning mock explanations.
2026-07-07 18:40:50,261 [INFO] app.explanation.services.explanation_pipeline: [ExplanationPipeline] Batch 2 completed: 2 explanations.
2026-07-07 18:40:50,261 [INFO] app.explanation.services.explanation_pipeline: [ExplanationPipeline] Processing batch 3 (2 jobs)
2026-07-07 18:40:50,261 [INFO] app.explanation.services.prompt_builder: [PromptBuilder] Built prompt for 2 jobs.
2026-07-07 18:40:50,261 [INFO] app.explanation.services.explanation_pipeline: [ExplanationPipeline] Prompt generated for batch 3.
2026-07-07 18:40:50,261 [INFO] app.explanation.services.explanation_generator: [ExplanationGenerator] No GEMINI_API_KEY set. Returning mock explanations.
2026-07-07 18:40:50,261 [INFO] app.explanation.services.explanation_pipeline: [ExplanationPipeline] Batch 3 completed: 2 explanations.
2026-07-07 18:40:50,261 [INFO] app.explanation.services.explanation_pipeline: [ExplanationPipeline] Processing batch 4 (2 jobs)
2026-07-07 18:40:50,261 [INFO] app.explanation.services.prompt_builder: [PromptBuilder] Built prompt for 2 jobs.
2026-07-07 18:40:50,261 [INFO] app.explanation.services.explanation_pipeline: [ExplanationPipeline] Prompt generated for batch 4.
2026-07-07 18:40:50,261 [INFO] app.explanation.services.explanation_generator: [ExplanationGenerator] No GEMINI_API_KEY set. Returning mock explanations.
2026-07-07 18:40:50,261 [INFO] app.explanation.services.explanation_pipeline: [ExplanationPipeline] Batch 4 completed: 2 explanations.
2026-07-07 18:40:50,261 [INFO] app.explanation.services.explanation_pipeline: [ExplanationPipeline] Processing batch 5 (2 jobs)
2026-07-07 18:40:50,262 [INFO] app.explanation.services.prompt_builder: [PromptBuilder] Built prompt for 2 jobs.
2026-07-07 18:40:50,262 [INFO] app.explanation.services.explanation_pipeline: [ExplanationPipeline] Prompt generated for batch 5.
2026-07-07 18:40:50,262 [INFO] app.explanation.services.explanation_generator: [ExplanationGenerator] No GEMINI_API_KEY set. Returning mock explanations.
2026-07-07 18:40:50,262 [INFO] app.explanation.services.explanation_pipeline: [ExplanationPipeline] Batch 5 completed: 2 explanations.
2026-07-07 18:40:50,265 [INFO] app.explanation.services.explanation_pipeline: [ExplanationPipeline] Persisted 10 explanations to conversation d618b459-9c6e-420e-9aec-bf233f687791.
2026-07-07 18:40:50,265 [INFO] app.explanation.services.explanation_pipeline: [ExplanationPipeline] Pipeline complete. Total explanations: 10
2026-07-07 18:40:50,265 [INFO] app.agent.nodes.job_search_node: [JobSearchNode] Completed successfully.
2026-07-07 18:40:50,265 [INFO] __main__: Final Result: {'conversation_id': UUID('d618b459-9c6e-420e-9aec-bf233f687791'), 'workspace_id': UUID('59c6325f-ec16-45fa-a277-46bf447048ef'), 'response': {'status': 'SUCCESS', 'message': 'Successfully retrieved and matched 10 jobs. Top 10 explained.', 'jobs': [{'job_id': 'fcc7a1b2-381a-4ca8-8186-f74085e19b84', 'match_score': 57.1461968, 'summary': 'This role aligns well with your demonstrated technologies and engineering background. Detailed AI explanation is temporarily unavailable.', 'strengths': ["Your engineering background aligns with this role's domain requirements."], 'missing_skills': [], 'recommendation': 'Review the job description and consider how your experience maps to the listed requirements.'}, {'job_id': 'feb9b42a-15fb-4c6c-9cc0-500b93bdab96', 'match_score': 57.0848138, 'summary': 'This role aligns well with your demonstrated technologies and engineering background. Detailed AI explanation is temporarily unavailable.', 'strengths': ["Your engineering background aligns with this role's domain requirements."], 'missing_skills': [], 'recommendation': 'Review the job description and consider how your experience maps to the listed requirements.'}, {'job_id': 'e7cc5307-15ed-4a75-bdfc-36be063fe0a1', 'match_score': 56.63898379999999, 'summary': 'This role aligns well with your demonstrated technologies and engineering background. Detailed AI explanation is temporarily unavailable.', 'strengths': ["Your engineering background aligns with this role's domain requirements."], 'missing_skills': [], 'recommendation': 'Review the job description and consider how your experience maps to the listed requirements.'}, {'job_id': '6b5ba4b9-2552-4f86-8b9d-9874f2b329f5', 'match_score': 56.2319905, 'summary': 'This role aligns well with your demonstrated technologies and engineering background. Detailed AI explanation is temporarily unavailable.', 'strengths': ["Your engineering background aligns with this role's domain requirements."], 'missing_skills': [], 'recommendation': 'Review the job description and consider how your experience maps to the listed requirements.'}, {'job_id': 'cff5ea3e-07c6-4bce-946c-6a2822aae00f', 'match_score': 56.205121, 'summary': 'This role aligns well with your demonstrated technologies and engineering background. Detailed AI explanation is temporarily unavailable.', 'strengths': ["Your engineering background aligns with this role's domain requirements."], 'missing_skills': [], 'recommendation': 'Review the job description and consider how your experience maps to the listed requirements.'}, {'job_id': 'bbb8a819-e0ad-43e8-922a-9eeb8d5d1027', 'match_score': 55.950209, 'summary': 'This role aligns well with your demonstrated technologies and engineering background. Detailed AI explanation is temporarily unavailable.', 'strengths': ["Your engineering background aligns with this role's domain requirements."], 'missing_skills': [], 'recommendation': 'Review the job description and consider how your experience maps to the listed requirements.'}, {'job_id': 'fe5a0421-f3ac-463f-af3c-84c3cdb7b5a3', 'match_score': 55.693134, 'summary': 'This role aligns well with your demonstrated technologies and engineering background. Detailed AI explanation is temporarily unavailable.', 'strengths': ["Your engineering background aligns with this role's domain requirements."], 'missing_skills': [], 'recommendation': 'Review the job description and consider how your experience maps to the listed requirements.'}, {'job_id': 'd1d485ac-bd70-42d3-9cbf-b684e46681be', 'match_score': 54.678071, 'summary': 'This role aligns well with your demonstrated technologies and engineering background. Detailed AI explanation is temporarily unavailable.', 'strengths': ["Your engineering background aligns with this role's domain requirements."], 'missing_skills': [], 'recommendation': 'Review the job description and consider how your experience maps to the listed requirements.'}, {'job_id': 'df77085e-1b43-4461-8d8b-be983706ffda', 'match_score': 54.637744000000005, 'summary': 'This role aligns well with your demonstrated technologies and engineering background. Detailed AI explanation is temporarily unavailable.', 'strengths': ["Your engineering background aligns with this role's domain requirements."], 'missing_skills': [], 'recommendation': 'Review the job description and consider how your experience maps to the listed requirements.'}, {'job_id': 'b9402a3b-840c-453b-8543-21804fa1975f', 'match_score': 52.568627799999994, 'summary': 'This role aligns well with your demonstrated technologies and engineering background. Detailed AI explanation is temporarily unavailable.', 'strengths': ["Your engineering background aligns with this role's domain requirements."], 'missing_skills': [], 'recommendation': 'Review the job description and consider how your experience maps to the listed requirements.'}]}}
